[ROCOsol.life/index.html]
[backblue.gif]
[fade.gif]
[index.html]
[ROCOsol.life/logo.png]
[ROCOsol.life/index_files/elementor-icons.min.css]
[ROCOsol.life/index_files/frontend-lite.min.css]
[ROCOsol.life/index_files/swiper.min.css]
[ROCOsol.life/index_files/post-6.css]
[ROCOsol.life/index_files/frontend-lite.min(1).css]
[ROCOsol.life/index_files/global.css]
[ROCOsol.life/index_files/post-8.css]
[ROCOsol.life/index_files/post-207.css]
[ROCOsol.life/index_files/css]
[ROCOsol.life/index_files/fontawesome.min.css]
[ROCOsol.life/index_files/wp-emoji-release.min.js]
[ROCOsol.life/index_files/009.png]
[ROCOsol.life/mp.mp3]
[ROCOsol.life/index_files/004.png]
[ROCOsol.life/index_files/005.png]
[ROCOsol.life/index_files/63e6de5bf93ed93132dae20a_aIWaJ6yls-KrNLVlltrFtVQYDMfilHmipffjnIbjxng.png]
[ROCOsol.life/index_files/sushiswap-sushi-logo-1024x1024.png]
[ROCOsol.life/index_files/uniswap-uni-logo-1024x1024.png]
[ROCOsol.life/index_files/dextools-logo-4EDDD2DF98-seeklogo.com_.png]
[ROCOsol.life/index_files/006.png]
[ROCOsol.life/index_files/Twitter.png]
[ROCOsol.life/index_files/telegram.png]
[ROCOsol.life/index_files/pinksale.png]
[ROCOsol.life/index_files/Dexview.png]
[ROCOsol.life/index_files/56.png]
[ROCOsol.life/index_files/animations.min.css]
[ROCOsol.life/index_files/inspector.js]
[ROCOsol.life/index_files/webpack-pro.runtime.min.js]
[ROCOsol.life/index_files/webpack.runtime.min.js]
[ROCOsol.life/index_files/jquery.min.js]
[ROCOsol.life/index_files/jquery-migrate.min.js]
[ROCOsol.life/index_files/frontend-modules.min.js]
[ROCOsol.life/index_files/wp-polyfill-inert.min.js]
[ROCOsol.life/index_files/regenerator-runtime.min.js]
[ROCOsol.life/index_files/wp-polyfill.min.js]
[ROCOsol.life/index_files/hooks.min.js]
[ROCOsol.life/index_files/i18n.min.js]
[ROCOsol.life/index_files/frontend.min.js]
[ROCOsol.life/index_files/waypoints.min.js]
[ROCOsol.life/index_files/core.min.js]
[ROCOsol.life/index_files/frontend.min(1).js]
[ROCOsol.life/index_files/elements-handlers.min.js]
[ROCOsol.life/index.html]
[ROCOsol.life/index_files/dialog.min.js]
[ROCOsol.life/index_files/elementor-icons.min.css]
[ROCOsol.life/index_files/frontend-lite.min.css]
[ROCOsol.life/index_files/swiper.min.css]
[ROCOsol.life/index_files/post-6.css]
[ROCOsol.life/index_files/frontend-lite.min(1).css]
[ROCOsol.life/index_files/global.css]
[ROCOsol.life/index_files/001.jpg]
[tripperpepe.com/wp-content/uploads/2023/09/giphy-3.gif]
[ROCOsol.life/index_files/qita.jpg]
[ROCOsol.life/index_files/003.png]
[ROCOsol.life/index_files/002.png]
[ROCOsol.life/index_files/001.png]
[ROCOsol.life/index_files/post-8.css]
[ROCOsol.life/index_files/post-207.css]
[ROCOsol.life/index_files/fontawesome.min.css]
[ROCOsol.life/index_files/brands.min.css]
[ROCOsol.life/index_files/animations.min.css]
[ROCOsol.life/fonts/eicons66e9.html]
[ROCOsol.life/fonts/eicons66e9-2.html]
[ROCOsol.life/fonts/eicons66e9-3.html]
[ROCOsol.life/fonts/eicons66e9-4.html]
[ROCOsol.life/fonts/eicons66e9-5.html]
[ROCOsol.life/webfonts/fa-brands-400.html]
[ROCOsol.life/webfonts/fa-brands-400d41d.html]
[ROCOsol.life/webfonts/fa-brands-401.html]
[ROCOsol.life/webfonts/fa-brands-402.html]
[ROCOsol.life/webfonts/fa-brands-403.html]
[ROCOsol.life/webfonts/fa-brands-404.html]
